// Jest Snapshot v1, https://goo.gl/fbAQLP

exports[`matches a snapshot 1`] = `
<div
  className="flex-row flex-wrap attr-wrapper block"
>
  <span>
    circle
  </span>
  <span
    className="attr-pair"
    key="x"
  >
    <span
      className="key-name"
    >
      x
    </span>
    <span
      className=""
    >
      10
    </span>
  </span>
  <span
    className="attr-pair"
    key="y"
  >
    <span
      className="key-name"
    >
      y
    </span>
    <span
      className=""
    >
      20
    </span>
  </span>
  <span
    className="attr-pair"
    key="r"
  >
    <span
      className="key-name"
    >
      r
    </span>
    <span
      className=""
    >
      30
    </span>
  </span>
</div>
`;
