// Jest Snapshot v1, https://goo.gl/fbAQLP

exports[`matches a snapshrot 1`] = `
<div
  className="panel"
>
  <div
    className="panel-heading"
  >
    Source code:
  </div>
  <pre
    className="panel-block code-content"
  >
    
&lt;svg fill="black"&gt; 
 &lt;circle x="10" y="20" r="30"/&gt;
&lt;/svg&gt;
  
  </pre>
</div>
`;
