// Jest Snapshot v1, https://goo.gl/fbAQLP

exports[`matches a snapshrot 1`] = `
<div
  className="panel"
>
  <div
    className="panel-heading"
  >
    Edit properties of the selected 
    <b />
  </div>
  <div
    className="panel-block"
  >
    <BasicAttrEditor
      attrs={
        Object {
          "r": 30,
          "x": 10,
          "y": 20,
        }
      }
      changed={[Function]}
    />
  </div>
</div>
`;
